[2026-08-17 05:58:14 UTC+7] - File: Ke_Hoach_Tai_Chinh.md - Mô tả: Tạo mới tài liệu Kế hoạch Quản lý Tài chính và Chiến lược Tăng Thu nhập dành cho điều dưỡng dụng cụ Phạm Huyền.
[2026-08-17 06:01:47 UTC+7] - File: Ke_Hoach_Tai_Chinh.md - Mô tả: Cập nhật chi tiết ngân sách thu chi gia đình 5 người (thu nhập 42 triệu, chi phí 35 triệu, thặng dư 7 triệu) và phương án tối ưu thu nhập Đại sứ giáo dục cho chị Phạm Huyền.
[2026-08-17 06:08:30 UTC+7] - File: Ke_Hoach_Tai_Chinh.md - Mô tả: Phân tích nghiên cứu thị trường Tavily Research về bài toán mua đất nền Hòa Bình 530 triệu với đòn bẩy tài chính và đánh giá rủi ro dòng tiền cho chị Phạm Huyền.
[2026-08-17 06:11:10 UTC+7] - File: Ke_Hoach_Tai_Chinh.md - Mô tả: Cập nhật đánh giá tích cực phương án mua chung (không vay lãi) lô đất 102m2 (50m2 ONT) tại Hòa Bình và 3 lưu ý pháp lý đồng sở hữu quan trọng.
[2026-08-17 06:13:26 UTC+7] - File: Ke_Hoach_Tai_Chinh.md - Mô tả: Bổ sung 3 phương án đầu tư thay thế cho khoản vốn 300 triệu (Quỹ mở ETF, Tái đầu tư Đại sứ giáo dục, Vàng tích trữ) kèm bảng so sánh & 3 nhận xét cốt lõi.
[2026-08-17 06:16:10 UTC+7] - File: Ke_Hoach_Tai_Chinh.md - Mô tả: Thêm phần Giải mã bản chất Quỹ mở, phân tích 3 nguyên nhân gây lỗ tạm thời và giải pháp mua tích lũy định kỳ (DCA) cho chị Phạm Huyền.
[2026-08-17 06:27:07 UTC+7] - File: Ke_Hoach_Tai_Chinh.md - Mô tả: Phân tích chi tiết 8 Quỹ mở (VESAF, DCDS, SSISCA, VCBF-BCF, VMEEF, VCBF-MGF, VNDAF, VLGF), lý do tài khoản bị lỗ và chiến lược cô đọng danh mục cho chị Phạm Huyền.
[2026-08-17 06:29:40 UTC+7] - File: Ke_Hoach_Tai_Chinh.md - Mô tả: Hướng dẫn chiến lược mua tích lũy 2 triệu/tháng tập trung 100% vào Quỹ VESAF (VinaCapital) để tối ưu hóa lợi nhuận kép dài hạn cho chị Phạm Huyền.
[2026-08-17 06:31:04 UTC+7] - File: Ke_Hoach_Tai_Chinh.md - Mô tả: Thiết lập chiến lược phân bổ 2 triệu/tháng vào Bộ 3 Quỹ mở phòng ngừa rủi ro (VESAF 700k, DCDS 700k, SSISCA 600k) cho chị Phạm Huyền.
[2026-08-17 06:34:05 UTC+7] - File: Ke_Hoach_Tai_Chinh.md - Mô tả: Cập nhật lộ trình 5 bước thực hiện kế hoạch tự động hóa tích lũy 2 triệu/tháng từ tháng sau cho chị Phạm Huyền.
[2026-08-17 08:21:01 UTC+7] - File: Ke_Hoach_Tai_Chinh.md - Mô tả: Giải thích hiện tượng bảng tin đề xuất 5,910,825 VNĐ trên App khi gửi CCTG 7.5 triệu kỳ hạn 1 tháng và khẳng định tính an toàn cho chị Phạm Huyền.
[2026-08-17 08:21:38 UTC+7] - File: Ke_Hoach_Tai_Chinh.md - Mô tả: Đánh giá chi tiết 4 kênh gia tăng thu nhập từ sự kết hợp giữa chuyên môn CSSD và Tiếng Anh chuyên ngành y tế cho chị Phạm Huyền.
[2026-08-17 08:24:47 UTC+7] - File: Ke_Hoach_Tai_Chinh.md - Mô tả: Xây dựng chiến lược quảng bá hình ảnh thương hiệu cá nhân và lựa chọn kênh truyền thông (TikTok, Reels, Facebook) cho chị Phạm Huyền.
[2026-08-17 08:26:12 UTC+7] - File: Ke_Hoach_Tai_Chinh.md - Mô tả: Hướng dẫn 5 mẹo edit video siêu mượt bằng CapCut bản Miễn Phí (100% Free) và xuất video 1080p 60fps cho chị Phạm Huyền.
[2026-08-17 08:27:23 UTC+7] - File: Ke_Hoach_Tai_Chinh.md - Mô tả: Thêm hướng dẫn 3 giải pháp xóa tạp âm & lọc tiếng ồn 100% Miễn Phí (CapCut Free Reduce Noise, Tắt Micro ngoài Quay Màn Hình, Adobe Podcast AI) cho chị Phạm Huyền.
[2026-09-08 08:00:00 UTC+7] - File: Bang_Theo_Doi_Thu_Thach_Xay_Kenh_7_Tuan.xlsx - Mô tả: Tạo bảng tính Excel theo dõi thử thách xây kênh 7 tuần (49 ngày) cho 9 thành viên, gồm Dashboard tổng quan và 7 sheet tuần tự động tính tiến độ.
[2026-09-08 08:00:00 UTC+7] - File: Bang_Theo_Doi_Thu_Thach.html - Mô tả: Tạo ứng dụng Web Dashboard trực quan (Apple UI) quản lý báo cáo dán link Facebook, Reel, Bài tập nhóm kèm tính năng copy mẫu báo cáo Zalo.
[2026-09-08 08:00:00 UTC+7] - File: Huong_Dan_Su_Dung_Bang_Theo_Doi.md - Mô tả: Soạn thảo cẩm nang hướng dẫn sử dụng, quy định nhiệm vụ, cách đưa file lên Google Sheets và mẫu báo cáo nhanh hàng ngày cho 9 thành viên.
[2026-09-08 08:12:00 UTC+7] - File: Bang_Theo_Doi_Thu_Thach_Xay_Kenh_7_Tuan.xlsx - Mô tả: Cập nhật lịch trình chính thức từ 08/09/2026 đến 26/10/2026 (49 ngày), bổ sung các cột dán link và ảnh minh chứng bài đăng cho từng thành viên.
[2026-09-08 08:12:00 UTC+7] - File: Bang_Theo_Doi_Thu_Thach.html - Mô tả: Nâng cấp Web Dashboard hỗ trợ tải/dán ảnh chụp màn hình minh chứng bài đăng, xem ảnh full size (Lightbox) và tự động cập nhật tiến độ theo ngày thực tế từ 08/09.
[2026-09-08 08:12:00 UTC+7] - File: Huong_Dan_Su_Dung_Bang_Theo_Doi.md - Mô tả: Cập nhật lịch trình 7 tuần chi tiết theo ngày tháng cụ thể và hướng dẫn dán link kèm ảnh minh chứng trên Web và Google Sheets.
[2026-09-08 09:00:00 UTC+7] - File: Bang_Theo_Doi_Nhe_Google_Sheets.xlsx - Mô tả: Tối ưu hóa bảng tính siêu nhẹ (công thức nhẹ, loại bỏ hàm nặng) giúp mở tức thì trên Google Sheets trong 1 giây không bị lag đơ.
[2026-09-08 09:00:00 UTC+7] - File: Tao_Bang_Google_Sheets_Tu_Dong.js - Mô tả: Mã nguồn Google Apps Script tự động sinh toàn bộ bảng theo dõi và dashboard trên Google Sheets trong 3 giây.
[2026-09-09 09:02:00 UTC+7] - File: Thiep_Sinh_Nhat_Chi_Hoang_Tuyet_Mai.jpg - Mô tả: Lưu file ảnh thiệp/poster chúc mừng sinh nhật chị Hoàng Tuyết Mai (tone hồng pastel sang trọng, giữ diện mạo tự nhiên) vào thư mục dự án.
[2026-09-09 09:04:00 UTC+7] - File: Thiep_Sinh_Nhat_Chi_Hoang_Tuyet_Mai_V2.jpg - Mô tả: Lưu file ảnh thiệp/poster sinh nhật phiên bản váy dạ hội ren hồng cao cấp kèm ngày 09/09/2026 vào thư mục dự án.
[2026-09-09 09:07:00 UTC+7] - File: Thiep_Sinh_Nhat_Chi_Hoang_Tuyet_Mai_V3_Lua_HoVai.jpg - Mô tả: Lưu file ảnh thiệp/poster sinh nhật phiên bản đầm dạ hội lụa satin hở vai quý phái tone hồng pastel kèm ngày 09/09/2026 vào thư mục dự án.
[2026-09-09 09:09:00 UTC+7] - File: Thiep_Sinh_Nhat_Chi_Hoang_Tuyet_Mai_Chuan_Mat.jpg - Mô tả: Lưu file ảnh thiệp/poster sinh nhật phiên bản đầm lụa hở vai giữ 100% đường nét khuôn mặt & nụ cười tự nhiên của chị Mai.
[2026-09-09 09:10:00 UTC+7] - File: Thiep_Sinh_Nhat_Chi_Hoang_Tuyet_Mai_Chuan_Pose_VayLua.jpg - Mô tả: Lưu file ảnh thiệp/poster sinh nhật phiên bản chuẩn dáng tay cầm bánh sinh nhật & bó hoa như ảnh gốc, đầm lụa hở vai quý phái và giữ trọn nét mặt tự nhiên.
[2026-09-18 18:15:00 UTC+7] - File: style.css - Mô tả: Tạo file CSS giao diện Dark Gold & Silver Luxury Glassmorphism cho ứng dụng Web Theo dõi Vàng Bạc.
[2026-09-18 18:15:00 UTC+7] - File: app.js - Mô tả: Tạo file JavaScript xử lý logic tính toán lãi/lỗ theo giá sàn thực tế (DOJI, BTMC, BTMH, Phú Quý, Ancarat), quy đổi đơn vị (chỉ, lượng, kg, gram), biểu đồ Chart.js và đồng bộ Google Sheets 2 chiều.
[2026-09-18 18:15:00 UTC+7] - File: index.html - Mô tả: Tạo trang Web Dashboard hoàn chỉnh quản lý danh mục đầu tư Vàng - Bạc, thẻ KPI, bảng giá sàn trực tuyến, sổ giao dịch và bộ đếm mục tiêu tích sản.
[2026-09-18 18:15:00 UTC+7] - File: Google_Sheets_Sync_Script.js - Mô tả: Tạo mã nguồn Google Apps Script phục vụ đồng bộ dữ liệu 2 chiều giữa Web App và Google Sheets.
[2026-09-18 18:15:00 UTC+7] - File: Huong_Dan_Dong_Bo_Sheets.md - Mô tả: Soạn thảo cẩm nang hướng dẫn chi tiết từng bước kết nối Web App với Google Sheets trong 2 phút.
[2026-09-18 18:31:00 UTC+7] - File: style.css - Mô tả: Thiết lập giao diện Nền Sáng (Light Theme) sang trọng, độ tương phản cao, dễ nhìn làm mặc định và hỗ trợ nút chuyển đổi nhanh Sáng/Tối.
[2026-09-18 18:31:00 UTC+7] - File: app.js - Mô tả: Bổ sung đơn vị tính Phân vàng (0.1 chỉ), cập nhật chính xác danh mục tài sản thực tế của chị Huyền gồm 6 phân vàng Gift BTMH (giá 1.528.000đ/phân) và 6 lượng bạc Ancarat (mua 12/8 giá 2.240.000đ/lượng).
[2026-09-18 18:31:00 UTC+7] - File: index.html - Mô tả: Thêm nút chuyển đổi chế độ giao diện Sáng/Tối trên thanh tiêu đề và cập nhật tiêu đề các khối tài sản phù hợp danh mục thực tế.
[2026-09-18 19:07:00 UTC+7] - File: manifest.json, sw.js, vercel.json - Mô tả: Cấu hình PWA Mobile App (chạy toàn màn hình, có icon App) và xuất bản mã nguồn lên Cloud GitHub/Vercel (https://phamhuyenhfh-cyber.github.io/tai-chinh-vang-bac/) để cài đặt vào điện thoại di động.
[2026-09-18 19:13:00 UTC+7] - File: style.css, app.js - Mô tả: Chuẩn hóa màu sắc hiển thị tài chính: toàn bộ các khoản Lãi hiển thị màu xanh lá rực rỡ (Green pill + icon tăng trưởng), các khoản Lỗ hiển thị màu đỏ tươi rõ nét (Red pill + icon giảm) trên toàn bộ thẻ KPI và bảng sổ giao dịch.
[2026-09-18 19:30:00 UTC+7] - File: index.html, style.css, app.js - Mô tả: Phân tách giao diện thành 2 khối độc lập: Khối 1 Bạc (Phú Quý, Ancarat, Bạc TG XAG) và Khối 2 Vàng Nhẫn (DOJI, BTMH, BTMC, Phú Tài, Vàng TG XAU); tích hợp link tra cứu chính thống; bổ sung 2 thời điểm cập nhật giá (Đầu giờ sáng 09:00 & Cuối giờ chiều 17:00 chốt phiên); cập nhật danh mục thực tế của chị Huyền (6 phân vàng Gift BTMH, 6 lượng bạc Ancarat); tối ưu bộ đệm phiên bản tự động làm mới giao diện.
[2026-09-18 19:34:00 UTC+7] - File: index.html, app.js - Mô tả: Điều chỉnh toàn bộ cấu hình, bảng giá sàn và form cập nhật của Bảo Tín Mạnh Hải theo dòng Vàng Gift (đơn vị Phân, kèm quy đổi Chỉ), cập nhật giá niêm yết bán ra 1.528.000đ/phân (15.280.000đ/chỉ) và giá thu mua 1.450.000đ/phân (14.500.000đ/chỉ), nâng cấp bộ đệm v4_gift giúp hiển thị chính xác danh mục 6 phân vàng Gift BTMH của chị Huyền.
[2026-09-18 19:42:00 UTC+7] - File: sw.js, index.html, app.js - Mô tả: Khắc phục triệt để lỗi Service Worker lưu cache phiên bản cũ khiến hiển thị sai giá vàng BTMH (864.500đ/phân cũ dẫn đến tính sai lỗ -43.42%); chuyển đổi chiến lược Service Worker sang Network-First (v20260918-v5), gắn tham số version cache-busting vào css/js, bổ sung nút 'Reset Bảng Giá Chuẩn' trên thanh tiêu đề và tự động làm mới toàn bộ state về giá Vàng Gift BTMH chuẩn (1.450.000đ/phân mua vào, 1.528.000đ/phân bán ra).
[2026-09-18 19:50:00 UTC+7] - File: index.html, app.js - Mô tả: Bổ sung song song cả 2 dòng sản phẩm của Bảo Tín Mạnh Hải (BTMH) gồm: (1) Vàng Nhẫn Ép Vỉ Kim Gia Bảo 999.9 (14.410.000đ/chỉ mua vào, 14.810.000đ/chỉ bán ra) và (2) Vàng Gift Quà Tặng BTMH (1.450.000đ/phân mua vào, 1.528.000đ/phân bán ra); tích hợp đầy đủ 2 thẻ giá riêng biệt trên bảng giá sàn, modal chỉnh sửa giá và sổ theo dõi danh mục.
